base: 'https://example.net/'
baseVariants:
  -
    base: foo123
    condition: bar
errorHandling:
  -
    errorCode: '404'
    errorHandler: Page
    errorContentSource: 't3://page?uid=5'
languages:
  -
    title: English
    enabled: true
    languageId: '0'
    base: /en
    typo3Language: default
    locale: en_US.utf8
    iso-639-1: en
    hreflang: ''
    direction: ''
    flag: bv
    navigationTitle: English
rootPageId: 1
routeEnhancers:
  -
    foo: bar
routes:
  -
    route: robots.txt
    type: staticText
    content: 'deny all'
imports:
  -
    resource: 'EXT:core/Tests/Unit/Configuration/Fixtures/SiteConfigs/include.yaml'
